******************************************************************************
                  TI ARM Linker PC v20.2.7                     
******************************************************************************
>> Linked Tue Aug  6 17:59:26 2024

OUTPUT FILE NAME:   <TIVA_C.out>
ENTRY POINT SYMBOL: "_c_int00_noargs"  address: 00000c81


MEMORY CONFIGURATION

         name            origin    length      used     unused   attr    fill
----------------------  --------  ---------  --------  --------  ----  --------
  FLASH                 00000000   00040000  00000d45  0003f2bb  R  X
  SRAM                  20000000   00008000  00000208  00007df8  RW X


SEGMENT ALLOCATION MAP

run origin  load origin   length   init length attrs members
----------  ----------- ---------- ----------- ----- -------
00000000    00000000    00000d4c   00000d4c    r-x
  00000000    00000000    0000026c   0000026c    r-- .intvecs
  0000026c    0000026c    00000a92   00000a92    r-x .text
  00000cfe    00000cfe    0000002b   0000002b    r-- .const
  00000d30    00000d30    0000001c   0000001c    r-- .cinit
20000000    20000000    00000208   00000000    rw-
  20000000    20000000    00000200   00000000    rw- .stack
  20000200    20000200    00000008   00000000    rw- .data


SECTION ALLOCATION MAP

 output                                  attributes/
section   page    origin      length       input sections
--------  ----  ----------  ----------   ----------------
.intvecs   0    00000000    0000026c     
                  00000000    0000026c     tm4c1231h6pm_startup_ccs.obj (.intvecs)

.text      0    0000026c    00000a92     
                  0000026c    000006c8     DIO_Prog.obj (.text)
                  00000934    00000100     RCC_Prog.obj (.text)
                  00000a34    000000bc     main.obj (.text)
                  00000af0    0000009c     rtsv7M4_T_le_v4SPD16_eabi.lib : memcpy_t2.asm.obj (.text)
                  00000b8c    00000068                                   : copy_decompress_lzss.c.obj (.text:decompress:lzss:__TI_decompress_lzss)
                  00000bf4    00000048     SYSTICK_Prog.obj (.text)
                  00000c3c    00000044     rtsv7M4_T_le_v4SPD16_eabi.lib : autoinit.c.obj (.text:__TI_auto_init_nobinit_nopinit:__TI_auto_init_nobinit_nopinit)
                  00000c80    00000034                                   : boot_cortex_m.c.obj (.text:_c_int00_noargs:_c_int00_noargs)
                  00000cb4    00000018                                   : ll_mul_t2.asm.obj (.text)
                  00000ccc    00000010     LEDS_Prog.obj (.text)
                  00000cdc    0000000e     rtsv7M4_T_le_v4SPD16_eabi.lib : copy_decompress_none.c.obj (.text:decompress:none:__TI_decompress_none)
                  00000cea    0000000c     tm4c1231h6pm_startup_ccs.obj (.text)
                  00000cf6    00000004     rtsv7M4_T_le_v4SPD16_eabi.lib : pre_init.c.obj (.text:_system_pre_init)
                  00000cfa    00000004                                   : exit.c.obj (.text:abort:abort)

.const     0    00000cfe    0000002b     
                  00000cfe    0000002b     DIO_Cfg.obj (.const:DIO_PinsStatusArray)

.cinit     0    00000d30    0000001c     
                  00000d30    0000000b     (.cinit..data.load) [load image, compression = lzss]
                  00000d3b    00000001     --HOLE-- [fill = 0]
                  00000d3c    00000008     (__TI_handler_table)
                  00000d44    00000008     (__TI_cinit_table)

.init_array 
*          0    00000000    00000000     UNINITIALIZED

.data      0    20000200    00000008     UNINITIALIZED
                  20000200    00000004     SYSTICK_Prog.obj (.data)
                  20000204    00000003     SYSTICK_Cfg.obj (.data:systick_var)
                  20000207    00000001     main.obj (.data)

.stack     0    20000000    00000200     UNINITIALIZED
                  20000000    00000004     rtsv7M4_T_le_v4SPD16_eabi.lib : boot_cortex_m.c.obj (.stack)
                  20000004    000001fc     --HOLE--

__llvm_prf_cnts 
*          0    20000000    00000000     UNINITIALIZED

MODULE SUMMARY

       Module                         code   ro data   rw data
       ------                         ----   -------   -------
    .\
       tm4c1231h6pm_startup_ccs.obj   12     620       0      
       main.obj                       188    0         1      
    +--+------------------------------+------+---------+---------+
       Total:                         200    620       1      
                                                              
    .\CONFIG\
       DIO_Cfg.obj                    0      43        0      
       SYSTICK_Cfg.obj                0      0         3      
    +--+------------------------------+------+---------+---------+
       Total:                         0      43        3      
                                                              
    .\HAL\
       LEDS_Prog.obj                  16     0         0      
    +--+------------------------------+------+---------+---------+
       Total:                         16     0         0      
                                                              
    .\MCAL\
       DIO_Prog.obj                   1736   0         0      
       RCC_Prog.obj                   256    0         0      
       SYSTICK_Prog.obj               72     0         4      
    +--+------------------------------+------+---------+---------+
       Total:                         2064   0         4      
                                                              
    D:\Download\download prog\ccs\tools\compiler\ti-cgt-arm_20.2.7.LTS\lib\rtsv7M4_T_le_v4SPD16_eabi.lib
       memcpy_t2.asm.obj              156    0         0      
       copy_decompress_lzss.c.obj     104    0         0      
       autoinit.c.obj                 68     0         0      
       boot_cortex_m.c.obj            52     0         0      
       ll_mul_t2.asm.obj              24     0         0      
       copy_decompress_none.c.obj     14     0         0      
       exit.c.obj                     4      0         0      
       pre_init.c.obj                 4      0         0      
    +--+------------------------------+------+---------+---------+
       Total:                         426    0         0      
                                                              
       Stack:                         0      0         512    
       Linker Generated:              0      27        0      
    +--+------------------------------+------+---------+---------+
       Grand Total:                   2706   690       520    


LINKER GENERATED COPY TABLES

__TI_cinit_table @ 00000d44 records: 1, size/record: 8, table size: 8
	.data: load addr=00000d30, load size=0000000b bytes, run addr=20000200, run size=00000008 bytes, compression=lzss


LINKER GENERATED HANDLER TABLE

__TI_handler_table @ 00000d3c records: 2, size/record: 4, table size: 8
	index: 0, handler: __TI_decompress_lzss
	index: 1, handler: __TI_decompress_none


GLOBAL SYMBOLS: SORTED ALPHABETICALLY BY Name 

address   name                          
-------   ----                          
00000cfb  C$$EXIT                       
0000090d  DIO_ENABLE                    
000008f5  DIO_Init                      
00000cfe  DIO_PinsStatusArray           
000003f7  DIO_ReadPin                   
000003c1  DIO_ReadPort                  
00000361  DIO_TogglePin                 
0000029d  DIO_WritePin                  
0000026d  DIO_WritePort                 
00000a35  Delay_MS                      
00000cd7  LED_OFF                       
00000cd1  LED_ON                        
00000ccd  LED_TOGGLE                    
00000991  PLL_Init                      
00000935  RCC_Init                      
00000ceb  ResetISR                      
00000c2d  SysTick_SetCallBack           
00000c21  SysTick_Stop                  
00000bf5  Systick_Init                  
20000200  __STACK_END                   
00000200  __STACK_SIZE                  
20000200  __STACK_TOP                   
00000d44  __TI_CINIT_Base               
00000d4c  __TI_CINIT_Limit              
00000d3c  __TI_Handler_Table_Base       
00000d44  __TI_Handler_Table_Limit      
00000c3d  __TI_auto_init_nobinit_nopinit
00000b8d  __TI_decompress_lzss          
00000cdd  __TI_decompress_none          
ffffffff  __TI_pprof_out_hndl           
ffffffff  __TI_prof_data_size           
ffffffff  __TI_prof_data_start          
00000000  __TI_static_base__            
00000cb5  __aeabi_lmul                  
00000af1  __aeabi_memcpy                
00000af1  __aeabi_memcpy4               
00000af1  __aeabi_memcpy8               
ffffffff  __binit__                     
ffffffff  __c_args__                    
UNDEFED   __mpu_init                    
20000000  __stack                       
20000000  __start___llvm_prf_cnts       
20000000  __stop___llvm_prf_cnts        
00000c81  _c_int00_noargs               
UNDEFED   _system_post_cinit            
00000cf7  _system_pre_init              
00000cfb  abort                         
ffffffff  binit                         
20000207  button_flag                   
00000a97  flash_led_every_half_sec      
00000000  g_pfnVectors                  
00000aa5  main                          
00000af1  memcpy                        
00000a65  read_button                   
20000204  systick_var                   


GLOBAL SYMBOLS: SORTED BY Symbol Address 

address   name                          
-------   ----                          
00000000  __TI_static_base__            
00000000  g_pfnVectors                  
00000200  __STACK_SIZE                  
0000026d  DIO_WritePort                 
0000029d  DIO_WritePin                  
00000361  DIO_TogglePin                 
000003c1  DIO_ReadPort                  
000003f7  DIO_ReadPin                   
000008f5  DIO_Init                      
0000090d  DIO_ENABLE                    
00000935  RCC_Init                      
00000991  PLL_Init                      
00000a35  Delay_MS                      
00000a65  read_button                   
00000a97  flash_led_every_half_sec      
00000aa5  main                          
00000af1  __aeabi_memcpy                
00000af1  __aeabi_memcpy4               
00000af1  __aeabi_memcpy8               
00000af1  memcpy                        
00000b8d  __TI_decompress_lzss          
00000bf5  Systick_Init                  
00000c21  SysTick_Stop                  
00000c2d  SysTick_SetCallBack           
00000c3d  __TI_auto_init_nobinit_nopinit
00000c81  _c_int00_noargs               
00000cb5  __aeabi_lmul                  
00000ccd  LED_TOGGLE                    
00000cd1  LED_ON                        
00000cd7  LED_OFF                       
00000cdd  __TI_decompress_none          
00000ceb  ResetISR                      
00000cf7  _system_pre_init              
00000cfb  C$$EXIT                       
00000cfb  abort                         
00000cfe  DIO_PinsStatusArray           
00000d3c  __TI_Handler_Table_Base       
00000d44  __TI_CINIT_Base               
00000d44  __TI_Handler_Table_Limit      
00000d4c  __TI_CINIT_Limit              
20000000  __stack                       
20000000  __start___llvm_prf_cnts       
20000000  __stop___llvm_prf_cnts        
20000200  __STACK_END                   
20000200  __STACK_TOP                   
20000204  systick_var                   
20000207  button_flag                   
ffffffff  __TI_pprof_out_hndl           
ffffffff  __TI_prof_data_size           
ffffffff  __TI_prof_data_start          
ffffffff  __binit__                     
ffffffff  __c_args__                    
ffffffff  binit                         
UNDEFED   __mpu_init                    
UNDEFED   _system_post_cinit            

[55 symbols]
